Archive member included to satisfy reference by file (symbol)

c:/program files (x86)/stm32cubeide_1.3.0/stm32cubeide/plugins/com.st.stm32cube.ide.mcu.externaltools.gnu-tools-for-stm32.7-2018-q2-update.win32_1.0.0.201904181610/tools/bin/../lib/gcc/arm-none-eabi/7.3.1/../../../../arm-none-eabi/lib/thumb/v7e-m\libc_nano.a(lib_a-errno.o)
                              Src/syscalls.o (__errno)
c:/program files (x86)/stm32cubeide_1.3.0/stm32cubeide/plugins/com.st.stm32cube.ide.mcu.externaltools.gnu-tools-for-stm32.7-2018-q2-update.win32_1.0.0.201904181610/tools/bin/../lib/gcc/arm-none-eabi/7.3.1/../../../../arm-none-eabi/lib/thumb/v7e-m\libc_nano.a(lib_a-exit.o)
                              c:/program files (x86)/stm32cubeide_1.3.0/stm32cubeide/plugins/com.st.stm32cube.ide.mcu.externaltools.gnu-tools-for-stm32.7-2018-q2-update.win32_1.0.0.201904181610/tools/bin/../lib/gcc/arm-none-eabi/7.3.1/../../../../arm-none-eabi/lib/thumb/v7e-m/crt0.o (exit)
c:/program files (x86)/stm32cubeide_1.3.0/stm32cubeide/plugins/com.st.stm32cube.ide.mcu.externaltools.gnu-tools-for-stm32.7-2018-q2-update.win32_1.0.0.201904181610/tools/bin/../lib/gcc/arm-none-eabi/7.3.1/../../../../arm-none-eabi/lib/thumb/v7e-m\libc_nano.a(lib_a-impure.o)
                              c:/program files (x86)/stm32cubeide_1.3.0/stm32cubeide/plugins/com.st.stm32cube.ide.mcu.externaltools.gnu-tools-for-stm32.7-2018-q2-update.win32_1.0.0.201904181610/tools/bin/../lib/gcc/arm-none-eabi/7.3.1/../../../../arm-none-eabi/lib/thumb/v7e-m\libc_nano.a(lib_a-exit.o) (_global_impure_ptr)
c:/program files (x86)/stm32cubeide_1.3.0/stm32cubeide/plugins/com.st.stm32cube.ide.mcu.externaltools.gnu-tools-for-stm32.7-2018-q2-update.win32_1.0.0.201904181610/tools/bin/../lib/gcc/arm-none-eabi/7.3.1/../../../../arm-none-eabi/lib/thumb/v7e-m\libc_nano.a(lib_a-init.o)
                              c:/program files (x86)/stm32cubeide_1.3.0/stm32cubeide/plugins/com.st.stm32cube.ide.mcu.externaltools.gnu-tools-for-stm32.7-2018-q2-update.win32_1.0.0.201904181610/tools/bin/../lib/gcc/arm-none-eabi/7.3.1/../../../../arm-none-eabi/lib/thumb/v7e-m/crt0.o (__libc_init_array)
c:/program files (x86)/stm32cubeide_1.3.0/stm32cubeide/plugins/com.st.stm32cube.ide.mcu.externaltools.gnu-tools-for-stm32.7-2018-q2-update.win32_1.0.0.201904181610/tools/bin/../lib/gcc/arm-none-eabi/7.3.1/../../../../arm-none-eabi/lib/thumb/v7e-m\libc_nano.a(lib_a-memset.o)
                              c:/program files (x86)/stm32cubeide_1.3.0/stm32cubeide/plugins/com.st.stm32cube.ide.mcu.externaltools.gnu-tools-for-stm32.7-2018-q2-update.win32_1.0.0.201904181610/tools/bin/../lib/gcc/arm-none-eabi/7.3.1/../../../../arm-none-eabi/lib/thumb/v7e-m/crt0.o (memset)
c:/program files (x86)/stm32cubeide_1.3.0/stm32cubeide/plugins/com.st.stm32cube.ide.mcu.externaltools.gnu-tools-for-stm32.7-2018-q2-update.win32_1.0.0.201904181610/tools/bin/../lib/gcc/arm-none-eabi/7.3.1/../../../../arm-none-eabi/lib/thumb/v7e-m\libc_nano.a(lib_a-printf.o)
                              Src/main.o (printf)
c:/program files (x86)/stm32cubeide_1.3.0/stm32cubeide/plugins/com.st.stm32cube.ide.mcu.externaltools.gnu-tools-for-stm32.7-2018-q2-update.win32_1.0.0.201904181610/tools/bin/../lib/gcc/arm-none-eabi/7.3.1/../../../../arm-none-eabi/lib/thumb/v7e-m\libc_nano.a(lib_a-findfp.o)
                              c:/program files (x86)/stm32cubeide_1.3.0/stm32cubeide/plugins/com.st.stm32cube.ide.mcu.externaltools.gnu-tools-for-stm32.7-2018-q2-update.win32_1.0.0.201904181610/tools/bin/../lib/gcc/arm-none-eabi/7.3.1/../../../../arm-none-eabi/lib/thumb/v7e-m\libc_nano.a(lib_a-printf.o) (__sinit)
c:/program files (x86)/stm32cubeide_1.3.0/stm32cubeide/plugins/com.st.stm32cube.ide.mcu.externaltools.gnu-tools-for-stm32.7-2018-q2-update.win32_1.0.0.201904181610/tools/bin/../lib/gcc/arm-none-eabi/7.3.1/../../../../arm-none-eabi/lib/thumb/v7e-m\libc_nano.a(lib_a-fwalk.o)
                              c:/program files (x86)/stm32cubeide_1.3.0/stm32cubeide/plugins/com.st.stm32cube.ide.mcu.externaltools.gnu-tools-for-stm32.7-2018-q2-update.win32_1.0.0.201904181610/tools/bin/../lib/gcc/arm-none-eabi/7.3.1/../../../../arm-none-eabi/lib/thumb/v7e-m\libc_nano.a(lib_a-findfp.o) (_fwalk)
c:/program files (x86)/stm32cubeide_1.3.0/stm32cubeide/plugins/com.st.stm32cube.ide.mcu.externaltools.gnu-tools-for-stm32.7-2018-q2-update.win32_1.0.0.201904181610/tools/bin/../lib/gcc/arm-none-eabi/7.3.1/../../../../arm-none-eabi/lib/thumb/v7e-m\libc_nano.a(lib_a-nano-mallocr.o)
                              c:/program files (x86)/stm32cubeide_1.3.0/stm32cubeide/plugins/com.st.stm32cube.ide.mcu.externaltools.gnu-tools-for-stm32.7-2018-q2-update.win32_1.0.0.201904181610/tools/bin/../lib/gcc/arm-none-eabi/7.3.1/../../../../arm-none-eabi/lib/thumb/v7e-m\libc_nano.a(lib_a-findfp.o) (_malloc_r)
[...]
Memory Configuration

Name             Origin             Length             Attributes
RAM              0x0000000020000000 0x0000000000020000 xrw
ROM              0x0000000008000000 0x0000000000080000 xr
*default*        0x0000000000000000 0xffffffffffffffff

Linker script and memory map

LOAD c:/program files (x86)/stm32cubeide_1.3.0/stm32cubeide/plugins/com.st.stm32cube.ide.mcu.externaltools.gnu-tools-for-stm32.7-2018-q2-update.win32_1.0.0.201904181610/tools/bin/../lib/gcc/arm-none-eabi/7.3.1/thumb/v7e-m/crti.o
LOAD c:/program files (x86)/stm32cubeide_1.3.0/stm32cubeide/plugins/com.st.stm32cube.ide.mcu.externaltools.gnu-tools-for-stm32.7-2018-q2-update.win32_1.0.0.201904181610/tools/bin/../lib/gcc/arm-none-eabi/7.3.1/thumb/v7e-m/crtbegin.o
LOAD c:/program files (x86)/stm32cubeide_1.3.0/stm32cubeide/plugins/com.st.stm32cube.ide.mcu.externaltools.gnu-tools-for-stm32.7-2018-q2-update.win32_1.0.0.201904181610/tools/bin/../lib/gcc/arm-none-eabi/7.3.1/../../../../arm-none-eabi/lib/thumb/v7e-m/crt0.o
LOAD Src/main.o
LOAD Src/syscalls.o
LOAD Src/sysmem.o
LOAD Startup/startup_stm32f446retx.o
START GROUP
LOAD c:/program files (x86)/stm32cubeide_1.3.0/stm32cubeide/plugins/com.st.stm32cube.ide.mcu.externaltools.gnu-tools-for-stm32.7-2018-q2-update.win32_1.0.0.201904181610/tools/bin/../lib/gcc/arm-none-eabi/7.3.1/../../../../arm-none-eabi/lib/thumb/v7e-m\libc_nano.a
LOAD c:/program files (x86)/stm32cubeide_1.3.0/stm32cubeide/plugins/com.st.stm32cube.ide.mcu.externaltools.gnu-tools-for-stm32.7-2018-q2-update.win32_1.0.0.201904181610/tools/bin/../lib/gcc/arm-none-eabi/7.3.1/../../../../arm-none-eabi/lib/thumb/v7e-m\libm.a
END GROUP
START GROUP
LOAD c:/program files (x86)/stm32cubeide_1.3.0/stm32cubeide/plugins/com.st.stm32cube.ide.mcu.externaltools.gnu-tools-for-stm32.7-2018-q2-update.win32_1.0.0.201904181610/tools/bin/../lib/gcc/arm-none-eabi/7.3.1/thumb/v7e-m\libgcc.a
LOAD c:/program files (x86)/stm32cubeide_1.3.0/stm32cubeide/plugins/com.st.stm32cube.ide.mcu.externaltools.gnu-tools-for-stm32.7-2018-q2-update.win32_1.0.0.201904181610/tools/bin/../lib/gcc/arm-none-eabi/7.3.1/../../../../arm-none-eabi/lib/thumb/v7e-m\libc_nano.a
END GROUP
START GROUP
LOAD c:/program files (x86)/stm32cubeide_1.3.0/stm32cubeide/plugins/com.st.stm32cube.ide.mcu.externaltools.gnu-tools-for-stm32.7-2018-q2-update.win32_1.0.0.201904181610/tools/bin/../lib/gcc/arm-none-eabi/7.3.1/thumb/v7e-m\libgcc.a
LOAD c:/program files (x86)/stm32cubeide_1.3.0/stm32cubeide/plugins/com.st.stm32cube.ide.mcu.externaltools.gnu-tools-for-stm32.7-2018-q2-update.win32_1.0.0.201904181610/tools/bin/../lib/gcc/arm-none-eabi/7.3.1/../../../../arm-none-eabi/lib/thumb/v7e-m\libc_nano.a
LOAD c:/program files (x86)/stm32cubeide_1.3.0/stm32cubeide/plugins/com.st.stm32cube.ide.mcu.externaltools.gnu-tools-for-stm32.7-2018-q2-update.win32_1.0.0.201904181610/tools/bin/../lib/gcc/arm-none-eabi/7.3.1/../../../../arm-none-eabi/lib/thumb/v7e-m\libnosys.a
END GROUP
START GROUP
LOAD c:/program files (x86)/stm32cubeide_1.3.0/stm32cubeide/plugins/com.st.stm32cube.ide.mcu.externaltools.gnu-tools-for-stm32.7-2018-q2-update.win32_1.0.0.201904181610/tools/bin/../lib/gcc/arm-none-eabi/7.3.1/thumb/v7e-m\libgcc.a
LOAD c:/program files (x86)/stm32cubeide_1.3.0/stm32cubeide/plugins/com.st.stm32cube.ide.mcu.externaltools.gnu-tools-for-stm32.7-2018-q2-update.win32_1.0.0.201904181610/tools/bin/../lib/gcc/arm-none-eabi/7.3.1/../../../../arm-none-eabi/lib/thumb/v7e-m\libc_nano.a
LOAD c:/program files (x86)/stm32cubeide_1.3.0/stm32cubeide/plugins/com.st.stm32cube.ide.mcu.externaltools.gnu-tools-for-stm32.7-2018-q2-update.win32_1.0.0.201904181610/tools/bin/../lib/gcc/arm-none-eabi/7.3.1/../../../../arm-none-eabi/lib/thumb/v7e-m\libnosys.a
END GROUP
LOAD c:/program files (x86)/stm32cubeide_1.3.0/stm32cubeide/plugins/com.st.stm32cube.ide.mcu.externaltools.gnu-tools-for-stm32.7-2018-q2-update.win32_1.0.0.201904181610/tools/bin/../lib/gcc/arm-none-eabi/7.3.1/thumb/v7e-m/crtend.o
LOAD c:/program files (x86)/stm32cubeide_1.3.0/stm32cubeide/plugins/com.st.stm32cube.ide.mcu.externaltools.gnu-tools-for-stm32.7-2018-q2-update.win32_1.0.0.201904181610/tools/bin/../lib/gcc/arm-none-eabi/7.3.1/thumb/v7e-m/crtn.o
                0x0000000020020000                _estack = (ORIGIN (RAM) + LENGTH (RAM))
                0x0000000000000200                _Min_Heap_Size = 0x200
                0x0000000000000400                _Min_Stack_Size = 0x400

.isr_vector     0x0000000008000000      0x1c4
                0x0000000008000000                . = ALIGN (0x4)
 *(.isr_vector)
 .isr_vector    0x0000000008000000      0x1c4 Startup/startup_stm32f446retx.o
                0x0000000008000000                g_pfnVectors
                0x00000000080001c4                . = ALIGN (0x4)

.text           0x00000000080001d0     0x10fc
                0x00000000080001d0                . = ALIGN (0x4)
 *(.text)
 .text          0x00000000080001d0       0x40 c:/program files (x86)/stm32cubeide_1.3.0/stm32cubeide/plugins/com.st.stm32cube.ide.mcu.externaltools.gnu-tools-for-stm32.7-2018-q2-update.win32_1.0.0.201904181610/tools/bin/../lib/gcc/arm-none-eabi/7.3.1/thumb/v7e-m/crtbegin.o
 .text          0x0000000008000210       0xa0 c:/program files (x86)/stm32cubeide_1.3.0/stm32cubeide/plugins/com.st.stm32cube.ide.mcu.externaltools.gnu-tools-for-stm32.7-2018-q2-update.win32_1.0.0.201904181610/tools/bin/../lib/gcc/arm-none-eabi/7.3.1/../../../../arm-none-eabi/lib/thumb/v7e-m\libc_nano.a(lib_a-memchr.o)
                0x0000000008000210                memchr
 *(.text*)
 .text.main     0x00000000080002b0       0x10 Src/main.o
                0x00000000080002b0                main
 .text.ITM_SendChar
                0x00000000080002c0       0x4c Src/syscalls.o
                0x00000000080002c0                ITM_SendChar
 .text._read    0x000000000800030c       0x3a Src/syscalls.o
                0x000000000800030c                _read
 .text._write   0x0000000008000346       0x38 Src/syscalls.o
                0x0000000008000346                _write
 .text._close   0x000000000800037e       0x16 Src/syscalls.o
                0x000000000800037e                _close
 .text._fstat   0x0000000008000394       0x1e Src/syscalls.o
                0x0000000008000394                _fstat
 .text._isatty  0x00000000080003b2       0x14 Src/syscalls.o
                0x00000000080003b2                _isatty
 .text._lseek   0x00000000080003c6       0x18 Src/syscalls.o
                0x00000000080003c6                _lseek
 *fill*         0x00000000080003de        0x2 
 .text._sbrk    0x00000000080003e0       0x58 Src/sysmem.o
                0x00000000080003e0                _sbrk
 .text.Reset_Handler
                0x0000000008000438       0x50 Startup/startup_stm32f446retx.o
                0x0000000008000438                Reset_Handler
 .text.Default_Handler
                0x0000000008000488        0x2 Startup/startup_stm32f446retx.o
                0x0000000008000488                RTC_Alarm_IRQHandler
                0x0000000008000488                EXTI2_IRQHandler
                0x0000000008000488                TIM8_CC_IRQHandler
                0x0000000008000488                SPDIF_Rx_IRQHandler
                0x0000000008000488                DebugMon_Handler
                0x0000000008000488                SPI4_IRQHandler
                0x0000000008000488                TIM1_CC_IRQHandler
                0x0000000008000488                QuadSPI_IRQHandler
                0x0000000008000488                DMA2_Stream5_IRQHandler
                0x0000000008000488                HardFault_Handler
                0x0000000008000488                DMA1_Stream5_IRQHandler
                0x0000000008000488                SysTick_Handler
                0x0000000008000488                PVD_IRQHandler
                0x0000000008000488                SDIO_IRQHandler
                0x0000000008000488                TAMP_STAMP_IRQHandler
                0x0000000008000488                PendSV_Handler
                0x0000000008000488                NMI_Handler
                0x0000000008000488                CAN2_RX1_IRQHandler
                0x0000000008000488                EXTI3_IRQHandler
                0x0000000008000488                TIM8_TRG_COM_TIM14_IRQHandler
                0x0000000008000488                TIM1_UP_TIM10_IRQHandler
                0x0000000008000488                FMPI2C1_error_IRQHandler
                0x0000000008000488                TIM8_UP_TIM13_IRQHandler
                0x0000000008000488                I2C3_ER_IRQHandler
                0x0000000008000488                EXTI0_IRQHandler
                0x0000000008000488                I2C2_EV_IRQHandler
                0x0000000008000488                DMA1_Stream2_IRQHandler
                0x0000000008000488                CAN1_RX0_IRQHandler
                0x0000000008000488                FPU_IRQHandler
                0x0000000008000488                OTG_HS_WKUP_IRQHandler
                0x0000000008000488                UsageFault_Handler
                0x0000000008000488                CAN2_SCE_IRQHandler
                0x0000000008000488                DMA2_Stream2_IRQHandler
                0x0000000008000488                SPI1_IRQHandler
                0x0000000008000488                TIM6_DAC_IRQHandler
                0x0000000008000488                TIM1_BRK_TIM9_IRQHandler
                0x0000000008000488                DCMI_IRQHandler
                0x0000000008000488                CAN2_RX0_IRQHandler
                0x0000000008000488                DMA2_Stream3_IRQHandler
                0x0000000008000488                FMPI2C1_IRQHandler
                0x0000000008000488                SAI2_IRQHandler
                0x0000000008000488                USART6_IRQHandler
                0x0000000008000488                USART3_IRQHandler
                0x0000000008000488                CAN1_RX1_IRQHandler
                0x0000000008000488                UART5_IRQHandler
                0x0000000008000488                DMA2_Stream0_IRQHandler
                0x0000000008000488                TIM4_IRQHandler
                0x0000000008000488                I2C1_EV_IRQHandler
                0x0000000008000488                HDMI_CEC_IRQHandler
                0x0000000008000488                DMA1_Stream6_IRQHandler
                0x0000000008000488                DMA1_Stream1_IRQHandler
                0x0000000008000488                UART4_IRQHandler
                0x0000000008000488                TIM3_IRQHandler
                0x0000000008000488                RCC_IRQHandler
                0x0000000008000488                TIM8_BRK_TIM12_IRQHandler
                0x0000000008000488                Default_Handler
                0x0000000008000488                EXTI15_10_IRQHandler
                0x0000000008000488                ADC_IRQHandler
                0x0000000008000488                DMA1_Stream7_IRQHandler
                0x0000000008000488                TIM7_IRQHandler
                0x0000000008000488                CAN2_TX_IRQHandler
                0x0000000008000488                TIM5_IRQHandler
                0x0000000008000488                DMA2_Stream7_IRQHandler
                0x0000000008000488                I2C3_EV_IRQHandler
                0x0000000008000488                EXTI9_5_IRQHandler
                0x0000000008000488                RTC_WKUP_IRQHandler
                0x0000000008000488                SPI2_IRQHandler
                0x0000000008000488                OTG_HS_EP1_IN_IRQHandler
                0x0000000008000488                MemManage_Handler
                0x0000000008000488                DMA1_Stream0_IRQHandler
                0x0000000008000488                CAN1_TX_IRQHandler
                0x0000000008000488                SVC_Handler
                0x0000000008000488                EXTI4_IRQHandler
                0x0000000008000488                OTG_HS_EP1_OUT_IRQHandler
                0x0000000008000488                WWDG_IRQHandler
                0x0000000008000488                TIM2_IRQHandler
                0x0000000008000488                OTG_FS_WKUP_IRQHandler
                0x0000000008000488                TIM1_TRG_COM_TIM11_IRQHandler
                0x0000000008000488                OTG_HS_IRQHandler
                0x0000000008000488                EXTI1_IRQHandler
                0x0000000008000488                USART2_IRQHandler
                0x0000000008000488                I2C2_ER_IRQHandler
                0x0000000008000488                DMA2_Stream1_IRQHandler
                0x0000000008000488                CAN1_SCE_IRQHandler
                0x0000000008000488                FLASH_IRQHandler
                0x0000000008000488                DMA2_Stream4_IRQHandler
                0x0000000008000488                BusFault_Handler
                0x0000000008000488                USART1_IRQHandler
                0x0000000008000488                OTG_FS_IRQHandler
                0x0000000008000488                SPI3_IRQHandler
                0x0000000008000488                DMA1_Stream4_IRQHandler
                0x0000000008000488                I2C1_ER_IRQHandler
                0x0000000008000488                FMC_IRQHandler
                0x0000000008000488                DMA2_Stream6_IRQHandler
                0x0000000008000488                SAI1_IRQHandler
                0x0000000008000488                DMA1_Stream3_IRQHandler
 *fill*         0x000000000800048a        0x2 
 .text.__errno  0x000000000800048c        0xc c:/program files (x86)/stm32cubeide_1.3.0/stm32cubeide/plugins/com.st.stm32cube.ide.mcu.externaltools.gnu-tools-for-stm32.7-2018-q2-update.win32_1.0.0.201904181610/tools/bin/../lib/gcc/arm-none-eabi/7.3.1/../../../../arm-none-eabi/lib/thumb/v7e-m\libc_nano.a(lib_a-errno.o)
                0x000000000800048c                __errno
 .text.__libc_init_array
                0x0000000008000498       0x48 c:/program files (x86)/stm32cubeide_1.3.0/stm32cubeide/plugins/com.st.stm32cube.ide.mcu.externaltools.gnu-tools-for-stm32.7-2018-q2-update.win32_1.0.0.201904181610/tools/bin/../lib/gcc/arm-none-eabi/7.3.1/../../../../arm-none-eabi/lib/thumb/v7e-m\libc_nano.a(lib_a-init.o)
                0x0000000008000498                __libc_init_array
 .text.memset   0x00000000080004e0       0x10 c:/program files (x86)/stm32cubeide_1.3.0/stm32cubeide/plugins/com.st.stm32cube.ide.mcu.externaltools.gnu-tools-for-stm32.7-2018-q2-update.win32_1.0.0.201904181610/tools/bin/../lib/gcc/arm-none-eabi/7.3.1/../../../../arm-none-eabi/lib/thumb/v7e-m\libc_nano.a(lib_a-memset.o)
                0x00000000080004e0                memset
 .text.printf   0x00000000080004f0       0x30 c:/program files (x86)/stm32cubeide_1.3.0/stm32cubeide/plugins/com.st.stm32cube.ide.mcu.externaltools.gnu-tools-for-stm32.7-2018-q2-update.win32_1.0.0.201904181610/tools/bin/../lib/gcc/arm-none-eabi/7.3.1/../../../../arm-none-eabi/lib/thumb/v7e-m\libc_nano.a(lib_a-printf.o)
                0x00000000080004f0                iprintf
                0x00000000080004f0                printf
 .text.std      0x0000000008000520       0x48 c:/program files (x86)/stm32cubeide_1.3.0/stm32cubeide/plugins/com.st.stm32cube.ide.mcu.externaltools.gnu-tools-for-stm32.7-2018-q2-update.win32_1.0.0.201904181610/tools/bin/../lib/gcc/arm-none-eabi/7.3.1/../../../../arm-none-eabi/lib/thumb/v7e-m\libc_nano.a(lib_a-findfp.o)
 .text._cleanup_r
                0x0000000008000568        0xc c:/program files (x86)/stm32cubeide_1.3.0/stm32cubeide/plugins/com.st.stm32cube.ide.mcu.externaltools.gnu-tools-for-stm32.7-2018-q2-update.win32_1.0.0.201904181610/tools/bin/../lib/gcc/arm-none-eabi/7.3.1/../../../../arm-none-eabi/lib/thumb/v7e-m\libc_nano.a(lib_a-findfp.o)
                0x0000000008000568                _cleanup_r
 .text.__sfmoreglue
                0x0000000008000574       0x2c c:/program files (x86)/stm32cubeide_1.3.0/stm32cubeide/plugins/com.st.stm32cube.ide.mcu.externaltools.gnu-tools-for-stm32.7-2018-q2-update.win32_1.0.0.201904181610/tools/bin/../lib/gcc/arm-none-eabi/7.3.1/../../../../arm-none-eabi/lib/thumb/v7e-m\libc_nano.a(lib_a-findfp.o)
                0x0000000008000574                __sfmoreglue
 .text.__sinit  0x00000000080005a0       0x60 c:/program files (x86)/stm32cubeide_1.3.0/stm32cubeide/plugins/com.st.stm32cube.ide.mcu.externaltools.gnu-tools-for-stm32.7-2018-q2-update.win32_1.0.0.201904181610/tools/bin/../lib/gcc/arm-none-eabi/7.3.1/../../../../arm-none-eabi/lib/thumb/v7e-m\libc_nano.a(lib_a-findfp.o)
                0x00000000080005a0                __sinit
 .text.__sfp    0x0000000008000600       0x78 c:/program files (x86)/stm32cubeide_1.3.0/stm32cubeide/plugins/com.st.stm32cube.ide.mcu.externaltools.gnu-tools-for-stm32.7-2018-q2-update.win32_1.0.0.201904181610/tools/bin/../lib/gcc/arm-none-eabi/7.3.1/../../../../arm-none-eabi/lib/thumb/v7e-m\libc_nano.a(lib_a-findfp.o)
                0x0000000008000600                __sfp
 .text._fwalk_reent
                0x0000000008000678       0x3c c:/program files (x86)/stm32cubeide_1.3.0/stm32cubeide/plugins/com.st.stm32cube.ide.mcu.externaltools.gnu-tools-for-stm32.7-2018-q2-update.win32_1.0.0.201904181610/tools/bin/../lib/gcc/arm-none-eabi/7.3.1/../../../../arm-none-eabi/lib/thumb/v7e-m\libc_nano.a(lib_a-fwalk.o)
                0x0000000008000678                _fwalk_reent
 .text._malloc_r
                0x00000000080006b4       0xb4 c:/program files (x86)/stm32cubeide_1.3.0/stm32cubeide/plugins/com.st.stm32cube.ide.mcu.externaltools.gnu-tools-for-stm32.7-2018-q2-update.win32_1.0.0.201904181610/tools/bin/../lib/gcc/arm-none-eabi/7.3.1/../../../../arm-none-eabi/lib/thumb/v7e-m\libc_nano.a(lib_a-nano-mallocr.o)
                0x00000000080006b4                _malloc_r
 .text.__sfputc_r
                0x0000000008000768       0x2a c:/program files (x86)/stm32cubeide_1.3.0/stm32cubeide/plugins/com.st.stm32cube.ide.mcu.externaltools.gnu-tools-for-stm32.7-2018-q2-update.win32_1.0.0.201904181610/tools/bin/../lib/gcc/arm-none-eabi/7.3.1/../../../../arm-none-eabi/lib/thumb/v7e-m\libc_nano.a(lib_a-nano-vfprintf.o)
 .text.__sfputs_r
                0x0000000008000792       0x24 c:/program files (x86)/stm32cubeide_1.3.0/stm32cubeide/plugins/com.st.stm32cube.ide.mcu.externaltools.gnu-tools-for-stm32.7-2018-q2-update.win32_1.0.0.201904181610/tools/bin/../lib/gcc/arm-none-eabi/7.3.1/../../../../arm-none-eabi/lib/thumb/v7e-m\libc_nano.a(lib_a-nano-vfprintf.o)
                0x0000000008000792                __sfputs_r
 *fill*         0x00000000080007b6        0x2 
 .text._vfprintf_r
                0x00000000080007b8      0x22c c:/program files (x86)/stm32cubeide_1.3.0/stm32cubeide/plugins/com.st.stm32cube.ide.mcu.externaltools.gnu-tools-for-stm32.7-2018-q2-update.win32_1.0.0.201904181610/tools/bin/../lib/gcc/arm-none-eabi/7.3.1/../../../../arm-none-eabi/lib/thumb/v7e-m\libc_nano.a(lib_a-nano-vfprintf.o)
                0x00000000080007b8                _vfprintf_r
                0x00000000080007b8                _vfiprintf_r
 .text._printf_common
                0x00000000080009e4       0xea c:/program files (x86)/stm32cubeide_1.3.0/stm32cubeide/plugins/com.st.stm32cube.ide.mcu.externaltools.gnu-tools-for-stm32.7-2018-q2-update.win32_1.0.0.201904181610/tools/bin/../lib/gcc/arm-none-eabi/7.3.1/../../../../arm-none-eabi/lib/thumb/v7e-m\libc_nano.a(lib_a-nano-vfprintf_i.o)
                0x00000000080009e4                _printf_common
 *fill*         0x0000000008000ace        0x2 
 .text._printf_i
                0x0000000008000ad0      0x224 c:/program files (x86)/stm32cubeide_1.3.0/stm32cubeide/plugins/com.st.stm32cube.ide.mcu.externaltools.gnu-tools-for-stm32.7-2018-q2-update.win32_1.0.0.201904181610/tools/bin/../lib/gcc/arm-none-eabi/7.3.1/../../../../arm-none-eabi/lib/thumb/v7e-m\libc_nano.a(lib_a-nano-vfprintf_i.o)
                0x0000000008000ad0                _printf_i
 .text._sbrk_r  0x0000000008000cf4       0x20 c:/program files (x86)/stm32cubeide_1.3.0/stm32cubeide/plugins/com.st.stm32cube.ide.mcu.externaltools.gnu-tools-for-stm32.7-2018-q2-update.win32_1.0.0.201904181610/tools/bin/../lib/gcc/arm-none-eabi/7.3.1/../../../../arm-none-eabi/lib/thumb/v7e-m\libc_nano.a(lib_a-sbrkr.o)
                0x0000000008000cf4                _sbrk_r
 .text.__sread  0x0000000008000d14       0x22 c:/program files (x86)/stm32cubeide_1.3.0/stm32cubeide/plugins/com.st.stm32cube.ide.mcu.externaltools.gnu-tools-for-stm32.7-2018-q2-update.win32_1.0.0.201904181610/tools/bin/../lib/gcc/arm-none-eabi/7.3.1/../../../../arm-none-eabi/lib/thumb/v7e-m\libc_nano.a(lib_a-stdio.o)
                0x0000000008000d14                __sread
 .text.__swrite
                0x0000000008000d36       0x38 c:/program files (x86)/stm32cubeide_1.3.0/stm32cubeide/plugins/com.st.stm32cube.ide.mcu.externaltools.gnu-tools-for-stm32.7-2018-q2-update.win32_1.0.0.201904181610/tools/bin/../lib/gcc/arm-none-eabi/7.3.1/../../../../arm-none-eabi/lib/thumb/v7e-m\libc_nano.a(lib_a-stdio.o)
                0x0000000008000d36                __swrite
 .text.__sseek  0x0000000008000d6e       0x24 c:/program files (x86)/stm32cubeide_1.3.0/stm32cubeide/plugins/com.st.stm32cube.ide.mcu.externaltools.gnu-tools-for-stm32.7-2018-q2-update.win32_1.0.0.201904181610/tools/bin/../lib/gcc/arm-none-eabi/7.3.1/../../../../arm-none-eabi/lib/thumb/v7e-m\libc_nano.a(lib_a-stdio.o)
                0x0000000008000d6e                __sseek
 .text.__sclose
                0x0000000008000d92        0x8 c:/program files (x86)/stm32cubeide_1.3.0/stm32cubeide/plugins/com.st.stm32cube.ide.mcu.externaltools.gnu-tools-for-stm32.7-2018-q2-update.win32_1.0.0.201904181610/tools/bin/../lib/gcc/arm-none-eabi/7.3.1/../../../../arm-none-eabi/lib/thumb/v7e-m\libc_nano.a(lib_a-stdio.o)
                0x0000000008000d92                __sclose
 *fill*         0x0000000008000d9a        0x2 
 .text.__swbuf_r
                0x0000000008000d9c       0xa4 c:/program files (x86)/stm32cubeide_1.3.0/stm32cubeide/plugins/com.st.stm32cube.ide.mcu.externaltools.gnu-tools-for-stm32.7-2018-q2-update.win32_1.0.0.201904181610/tools/bin/../lib/gcc/arm-none-eabi/7.3.1/../../../../arm-none-eabi/lib/thumb/v7e-m\libc_nano.a(lib_a-wbuf.o)
                0x0000000008000d9c                __swbuf_r
 .text._write_r
                0x0000000008000e40       0x24 c:/program files (x86)/stm32cubeide_1.3.0/stm32cubeide/plugins/com.st.stm32cube.ide.mcu.externaltools.gnu-tools-for-stm32.7-2018-q2-update.win32_1.0.0.201904181610/tools/bin/../lib/gcc/arm-none-eabi/7.3.1/../../../../arm-none-eabi/lib/thumb/v7e-m\libc_nano.a(lib_a-writer.o)
                0x0000000008000e40                _write_r
 .text.__swsetup_r
                0x0000000008000e64       0xdc c:/program files (x86)/stm32cubeide_1.3.0/stm32cubeide/plugins/com.st.stm32cube.ide.mcu.externaltools.gnu-tools-for-stm32.7-2018-q2-update.win32_1.0.0.201904181610/tools/bin/../lib/gcc/arm-none-eabi/7.3.1/../../../../arm-none-eabi/lib/thumb/v7e-m\libc_nano.a(lib_a-wsetup.o)
                0x0000000008000e64                __swsetup_r
 .text._close_r
                0x0000000008000f40       0x20 c:/program files (x86)/stm32cubeide_1.3.0/stm32cubeide/plugins/com.st.stm32cube.ide.mcu.externaltools.gnu-tools-for-stm32.7-2018-q2-update.win32_1.0.0.201904181610/tools/bin/../lib/gcc/arm-none-eabi/7.3.1/../../../../arm-none-eabi/lib/thumb/v7e-m\libc_nano.a(lib_a-closer.o)
                0x0000000008000f40                _close_r
 .text.__sflush_r
                0x0000000008000f60      0x10c c:/program files (x86)/stm32cubeide_1.3.0/stm32cubeide/plugins/com.st.stm32cube.ide.mcu.externaltools.gnu-tools-for-stm32.7-2018-q2-update.win32_1.0.0.201904181610/tools/bin/../lib/gcc/arm-none-eabi/7.3.1/../../../../arm-none-eabi/lib/thumb/v7e-m\libc_nano.a(lib_a-fflush.o)
                0x0000000008000f60                __sflush_r
 .text._fflush_r
                0x000000000800106c       0x54 c:/program files (x86)/stm32cubeide_1.3.0/stm32cubeide/plugins/com.st.stm32cube.ide.mcu.externaltools.gnu-tools-for-stm32.7-2018-q2-update.win32_1.0.0.201904181610/tools/bin/../lib/gcc/arm-none-eabi/7.3.1/../../../../arm-none-eabi/lib/thumb/v7e-m\libc_nano.a(lib_a-fflush.o)
                0x000000000800106c                _fflush_r
 .text._lseek_r
                0x00000000080010c0       0x24 c:/program files (x86)/stm32cubeide_1.3.0/stm32cubeide/plugins/com.st.stm32cube.ide.mcu.externaltools.gnu-tools-for-stm32.7-2018-q2-update.win32_1.0.0.201904181610/tools/bin/../lib/gcc/arm-none-eabi/7.3.1/../../../../arm-none-eabi/lib/thumb/v7e-m\libc_nano.a(lib_a-lseekr.o)
                0x00000000080010c0                _lseek_r
 .text.__swhatbuf_r
                0x00000000080010e4       0x48 c:/program files (x86)/stm32cubeide_1.3.0/stm32cubeide/plugins/com.st.stm32cube.ide.mcu.externaltools.gnu-tools-for-stm32.7-2018-q2-update.win32_1.0.0.201904181610/tools/bin/../lib/gcc/arm-none-eabi/7.3.1/../../../../arm-none-eabi/lib/thumb/v7e-m\libc_nano.a(lib_a-makebuf.o)
                0x00000000080010e4                __swhatbuf_r
 .text.__smakebuf_r
                0x000000000800112c       0x80 c:/program files (x86)/stm32cubeide_1.3.0/stm32cubeide/plugins/com.st.stm32cube.ide.mcu.externaltools.gnu-tools-for-stm32.7-2018-q2-update.win32_1.0.0.201904181610/tools/bin/../lib/gcc/arm-none-eabi/7.3.1/../../../../arm-none-eabi/lib/thumb/v7e-m\libc_nano.a(lib_a-makebuf.o)
                0x000000000800112c                __smakebuf_r
 .text.__malloc_lock
                0x00000000080011ac        0x2 c:/program files (x86)/stm32cubeide_1.3.0/stm32cubeide/plugins/com.st.stm32cube.ide.mcu.externaltools.gnu-tools-for-stm32.7-2018-q2-update.win32_1.0.0.201904181610/tools/bin/../lib/gcc/arm-none-eabi/7.3.1/../../../../arm-none-eabi/lib/thumb/v7e-m\libc_nano.a(lib_a-mlock.o)
                0x00000000080011ac                __malloc_lock
 .text.__malloc_unlock
                0x00000000080011ae        0x2 c:/program files (x86)/stm32cubeide_1.3.0/stm32cubeide/plugins/com.st.stm32cube.ide.mcu.externaltools.gnu-tools-for-stm32.7-2018-q2-update.win32_1.0.0.201904181610/tools/bin/../lib/gcc/arm-none-eabi/7.3.1/../../../../arm-none-eabi/lib/thumb/v7e-m\libc_nano.a(lib_a-mlock.o)
                0x00000000080011ae                __malloc_unlock
 .text._free_r  0x00000000080011b0       0x9c c:/program files (x86)/stm32cubeide_1.3.0/stm32cubeide/plugins/com.st.stm32cube.ide.mcu.externaltools.gnu-tools-for-stm32.7-2018-q2-update.win32_1.0.0.201904181610/tools/bin/../lib/gcc/arm-none-eabi/7.3.1/../../../../arm-none-eabi/lib/thumb/v7e-m\libc_nano.a(lib_a-nano-freer.o)
                0x00000000080011b0                _free_r
 .text._read_r  0x000000000800124c       0x24 c:/program files (x86)/stm32cubeide_1.3.0/stm32cubeide/plugins/com.st.stm32cube.ide.mcu.externaltools.gnu-tools-for-stm32.7-2018-q2-update.win32_1.0.0.201904181610/tools/bin/../lib/gcc/arm-none-eabi/7.3.1/../../../../arm-none-eabi/lib/thumb/v7e-m\libc_nano.a(lib_a-readr.o)
                0x000000000800124c                _read_r
 .text._fstat_r
                0x0000000008001270       0x24 c:/program files (x86)/stm32cubeide_1.3.0/stm32cubeide/plugins/com.st.stm32cube.ide.mcu.externaltools.gnu-tools-for-stm32.7-2018-q2-update.win32_1.0.0.201904181610/tools/bin/../lib/gcc/arm-none-eabi/7.3.1/../../../../arm-none-eabi/lib/thumb/v7e-m\libc_nano.a(lib_a-fstatr.o)
                0x0000000008001270                _fstat_r
 .text._isatty_r
                0x0000000008001294       0x20 c:/program files (x86)/stm32cubeide_1.3.0/stm32cubeide/plugins/com.st.stm32cube.ide.mcu.externaltools.gnu-tools-for-stm32.7-2018-q2-update.win32_1.0.0.201904181610/tools/bin/../lib/gcc/arm-none-eabi/7.3.1/../../../../arm-none-eabi/lib/thumb/v7e-m\libc_nano.a(lib_a-isattyr.o)
                0x0000000008001294                _isatty_r
 *(.glue_7)
 .glue_7        0x00000000080012b4        0x0 linker stubs
 *(.glue_7t)
 .glue_7t       0x00000000080012b4        0x0 linker stubs
 *(.eh_frame)
 .eh_frame      0x00000000080012b4        0x0 c:/program files (x86)/stm32cubeide_1.3.0/stm32cubeide/plugins/com.st.stm32cube.ide.mcu.externaltools.gnu-tools-for-stm32.7-2018-q2-update.win32_1.0.0.201904181610/tools/bin/../lib/gcc/arm-none-eabi/7.3.1/thumb/v7e-m/crtbegin.o
 *(.init)
 .init          0x00000000080012b4        0x4 c:/program files (x86)/stm32cubeide_1.3.0/stm32cubeide/plugins/com.st.stm32cube.ide.mcu.externaltools.gnu-tools-for-stm32.7-2018-q2-update.win32_1.0.0.201904181610/tools/bin/../lib/gcc/arm-none-eabi/7.3.1/thumb/v7e-m/crti.o
                0x00000000080012b4                _init
 .init          0x00000000080012b8        0x8 c:/program files (x86)/stm32cubeide_1.3.0/stm32cubeide/plugins/com.st.stm32cube.ide.mcu.externaltools.gnu-tools-for-stm32.7-2018-q2-update.win32_1.0.0.201904181610/tools/bin/../lib/gcc/arm-none-eabi/7.3.1/thumb/v7e-m/crtn.o
 *(.fini)
 .fini          0x00000000080012c0        0x4 c:/program files (x86)/stm32cubeide_1.3.0/stm32cubeide/plugins/com.st.stm32cube.ide.mcu.externaltools.gnu-tools-for-stm32.7-2018-q2-update.win32_1.0.0.201904181610/tools/bin/../lib/gcc/arm-none-eabi/7.3.1/thumb/v7e-m/crti.o
                0x00000000080012c0                _fini
 .fini          0x00000000080012c4        0x8 c:/program files (x86)/stm32cubeide_1.3.0/stm32cubeide/plugins/com.st.stm32cube.ide.mcu.externaltools.gnu-tools-for-stm32.7-2018-q2-update.win32_1.0.0.201904181610/tools/bin/../lib/gcc/arm-none-eabi/7.3.1/thumb/v7e-m/crtn.o
                0x00000000080012cc                . = ALIGN (0x4)
                0x00000000080012cc                _etext = .

.vfp11_veneer   0x00000000080012cc        0x0
 .vfp11_veneer  0x00000000080012cc        0x0 linker stubs

.v4_bx          0x00000000080012cc        0x0
 .v4_bx         0x00000000080012cc        0x0 linker stubs

.iplt           0x00000000080012cc        0x0
 .iplt          0x00000000080012cc        0x0 c:/program files (x86)/stm32cubeide_1.3.0/stm32cubeide/plugins/com.st.stm32cube.ide.mcu.externaltools.gnu-tools-for-stm32.7-2018-q2-update.win32_1.0.0.201904181610/tools/bin/../lib/gcc/arm-none-eabi/7.3.1/thumb/v7e-m/crtbegin.o

.rodata         0x00000000080012cc       0xa4
                0x00000000080012cc                . = ALIGN (0x4)
 *(.rodata)
 .rodata        0x00000000080012cc        0xc Src/main.o
 *(.rodata*)
 .rodata._global_impure_ptr
                0x00000000080012d8        0x4 c:/program files (x86)/stm32cubeide_1.3.0/stm32cubeide/plugins/com.st.stm32cube.ide.mcu.externaltools.gnu-tools-for-stm32.7-2018-q2-update.win32_1.0.0.201904181610/tools/bin/../lib/gcc/arm-none-eabi/7.3.1/../../../../arm-none-eabi/lib/thumb/v7e-m\libc_nano.a(lib_a-impure.o)
                0x00000000080012d8                _global_impure_ptr
 .rodata.__sf_fake_stderr
                0x00000000080012dc       0x20 c:/program files (x86)/stm32cubeide_1.3.0/stm32cubeide/plugins/com.st.stm32cube.ide.mcu.externaltools.gnu-tools-for-stm32.7-2018-q2-update.win32_1.0.0.201904181610/tools/bin/../lib/gcc/arm-none-eabi/7.3.1/../../../../arm-none-eabi/lib/thumb/v7e-m\libc_nano.a(lib_a-findfp.o)
                0x00000000080012dc                __sf_fake_stderr
 .rodata.__sf_fake_stdin
                0x00000000080012fc       0x20 c:/program files (x86)/stm32cubeide_1.3.0/stm32cubeide/plugins/com.st.stm32cube.ide.mcu.externaltools.gnu-tools-for-stm32.7-2018-q2-update.win32_1.0.0.201904181610/tools/bin/../lib/gcc/arm-none-eabi/7.3.1/../../../../arm-none-eabi/lib/thumb/v7e-m\libc_nano.a(lib_a-findfp.o)
                0x00000000080012fc                __sf_fake_stdin
 .rodata.__sf_fake_stdout
                0x000000000800131c       0x20 c:/program files (x86)/stm32cubeide_1.3.0/stm32cubeide/plugins/com.st.stm32cube.ide.mcu.externaltools.gnu-tools-for-stm32.7-2018-q2-update.win32_1.0.0.201904181610/tools/bin/../lib/gcc/arm-none-eabi/7.3.1/../../../../arm-none-eabi/lib/thumb/v7e-m\libc_nano.a(lib_a-findfp.o)
                0x000000000800131c                __sf_fake_stdout
 .rodata._vfprintf_r.str1.1
                0x000000000800133c       0x11 c:/program files (x86)/stm32cubeide_1.3.0/stm32cubeide/plugins/com.st.stm32cube.ide.mcu.externaltools.gnu-tools-for-stm32.7-2018-q2-update.win32_1.0.0.201904181610/tools/bin/../lib/gcc/arm-none-eabi/7.3.1/../../../../arm-none-eabi/lib/thumb/v7e-m\libc_nano.a(lib_a-nano-vfprintf.o)
 .rodata._printf_i.str1.1
                0x000000000800134d       0x22 c:/program files (x86)/stm32cubeide_1.3.0/stm32cubeide/plugins/com.st.stm32cube.ide.mcu.externaltools.gnu-tools-for-stm32.7-2018-q2-update.win32_1.0.0.201904181610/tools/bin/../lib/gcc/arm-none-eabi/7.3.1/../../../../arm-none-eabi/lib/thumb/v7e-m\libc_nano.a(lib_a-nano-vfprintf_i.o)
                0x0000000008001370                . = ALIGN (0x4)
 *fill*         0x000000000800136f        0x1 

.rel.dyn        0x0000000008001370        0x0
 .rel.iplt      0x0000000008001370        0x0 c:/program files (x86)/stm32cubeide_1.3.0/stm32cubeide/plugins/com.st.stm32cube.ide.mcu.externaltools.gnu-tools-for-stm32.7-2018-q2-update.win32_1.0.0.201904181610/tools/bin/../lib/gcc/arm-none-eabi/7.3.1/thumb/v7e-m/crtbegin.o

.ARM.extab      0x0000000008001370        0x0
                0x0000000008001370                . = ALIGN (0x4)
 *(.ARM.extab* .gnu.linkonce.armextab.*)
                0x0000000008001370                . = ALIGN (0x4)

.ARM            0x0000000008001370        0x0
                0x0000000008001370                . = ALIGN (0x4)
                0x0000000008001370                __exidx_start = .
 *(.ARM.exidx*)
                0x0000000008001370                __exidx_end = .
                0x0000000008001370                . = ALIGN (0x4)

.preinit_array  0x0000000008001370        0x0
                0x0000000008001370                . = ALIGN (0x4)
                0x0000000008001370                PROVIDE (__preinit_array_start = .)
 *(.preinit_array*)
                0x0000000008001370                PROVIDE (__preinit_array_end = .)
                0x0000000008001370                . = ALIGN (0x4)

.init_array     0x0000000008001370        0x4
                0x0000000008001370                . = ALIGN (0x4)
                0x0000000008001370                PROVIDE (__init_array_start = .)
 *(SORT_BY_NAME(.init_array.*))
 *(.init_array*)
 .init_array    0x0000000008001370        0x4 c:/program files (x86)/stm32cubeide_1.3.0/stm32cubeide/plugins/com.st.stm32cube.ide.mcu.externaltools.gnu-tools-for-stm32.7-2018-q2-update.win32_1.0.0.201904181610/tools/bin/../lib/gcc/arm-none-eabi/7.3.1/thumb/v7e-m/crtbegin.o
                0x0000000008001374                PROVIDE (__init_array_end = .)
                0x0000000008001374                . = ALIGN (0x4)

.fini_array     0x0000000008001374        0x4
                0x0000000008001374                . = ALIGN (0x4)
                [!provide]                        PROVIDE (__fini_array_start = .)
 *(SORT_BY_NAME(.fini_array.*))
 *(.fini_array*)
 .fini_array    0x0000000008001374        0x4 c:/program files (x86)/stm32cubeide_1.3.0/stm32cubeide/plugins/com.st.stm32cube.ide.mcu.externaltools.gnu-tools-for-stm32.7-2018-q2-update.win32_1.0.0.201904181610/tools/bin/../lib/gcc/arm-none-eabi/7.3.1/thumb/v7e-m/crtbegin.o
                [!provide]                        PROVIDE (__fini_array_end = .)
                0x0000000008001378                . = ALIGN (0x4)
                0x0000000008001378                _sidata = LOADADDR (.data)

.data           0x0000000020000000       0x64 load address 0x0000000008001378
                0x0000000020000000                . = ALIGN (0x4)
                0x0000000020000000                _sdata = .
 *(.data)
 *(.data*)
 .data._impure_ptr
                0x0000000020000000        0x4 c:/program files (x86)/stm32cubeide_1.3.0/stm32cubeide/plugins/com.st.stm32cube.ide.mcu.externaltools.gnu-tools-for-stm32.7-2018-q2-update.win32_1.0.0.201904181610/tools/bin/../lib/gcc/arm-none-eabi/7.3.1/../../../../arm-none-eabi/lib/thumb/v7e-m\libc_nano.a(lib_a-impure.o)
                0x0000000020000000                _impure_ptr
 .data.impure_data
                0x0000000020000004       0x60 c:/program files (x86)/stm32cubeide_1.3.0/stm32cubeide/plugins/com.st.stm32cube.ide.mcu.externaltools.gnu-tools-for-stm32.7-2018-q2-update.win32_1.0.0.201904181610/tools/bin/../lib/gcc/arm-none-eabi/7.3.1/../../../../arm-none-eabi/lib/thumb/v7e-m\libc_nano.a(lib_a-impure.o)
                0x0000000020000064                . = ALIGN (0x4)
                0x0000000020000064                _edata = .

.igot.plt       0x0000000020000064        0x0 load address 0x00000000080013dc
 .igot.plt      0x0000000020000064        0x0 c:/program files (x86)/stm32cubeide_1.3.0/stm32cubeide/plugins/com.st.stm32cube.ide.mcu.externaltools.gnu-tools-for-stm32.7-2018-q2-update.win32_1.0.0.201904181610/tools/bin/../lib/gcc/arm-none-eabi/7.3.1/thumb/v7e-m/crtbegin.o
                0x0000000020000064                . = ALIGN (0x4)

.bss            0x0000000020000064       0x2c load address 0x00000000080013dc
                0x0000000020000064                _sbss = .
                0x0000000020000064                __bss_start__ = _sbss
 *(.bss)
 .bss           0x0000000020000064       0x1c c:/program files (x86)/stm32cubeide_1.3.0/stm32cubeide/plugins/com.st.stm32cube.ide.mcu.externaltools.gnu-tools-for-stm32.7-2018-q2-update.win32_1.0.0.201904181610/tools/bin/../lib/gcc/arm-none-eabi/7.3.1/thumb/v7e-m/crtbegin.o
 *(.bss*)
 .bss.heap_end.5149
                0x0000000020000080        0x4 Src/sysmem.o
 .bss.__malloc_free_list
                0x0000000020000084        0x4 c:/program files (x86)/stm32cubeide_1.3.0/stm32cubeide/plugins/com.st.stm32cube.ide.mcu.externaltools.gnu-tools-for-stm32.7-2018-q2-update.win32_1.0.0.201904181610/tools/bin/../lib/gcc/arm-none-eabi/7.3.1/../../../../arm-none-eabi/lib/thumb/v7e-m\libc_nano.a(lib_a-nano-mallocr.o)
                0x0000000020000084                __malloc_free_list
 .bss.__malloc_sbrk_start
                0x0000000020000088        0x4 c:/program files (x86)/stm32cubeide_1.3.0/stm32cubeide/plugins/com.st.stm32cube.ide.mcu.externaltools.gnu-tools-for-stm32.7-2018-q2-update.win32_1.0.0.201904181610/tools/bin/../lib/gcc/arm-none-eabi/7.3.1/../../../../arm-none-eabi/lib/thumb/v7e-m\libc_nano.a(lib_a-nano-mallocr.o)
                0x0000000020000088                __malloc_sbrk_start
 *(COMMON)
 COMMON         0x000000002000008c        0x4 c:/program files (x86)/stm32cubeide_1.3.0/stm32cubeide/plugins/com.st.stm32cube.ide.mcu.externaltools.gnu-tools-for-stm32.7-2018-q2-update.win32_1.0.0.201904181610/tools/bin/../lib/gcc/arm-none-eabi/7.3.1/../../../../arm-none-eabi/lib/thumb/v7e-m\libc_nano.a(lib_a-reent.o)
                0x000000002000008c                errno
                0x0000000020000090                . = ALIGN (0x4)
                0x0000000020000090                _ebss = .
                0x0000000020000090                __bss_end__ = _ebss

._user_heap_stack
                0x0000000020000090      0x600 load address 0x00000000080013dc
                0x0000000020000090                . = ALIGN (0x8)
                0x0000000020000090                PROVIDE (end = .)
                [!provide]                        PROVIDE (_end = .)
                0x0000000020000290                . = (. + _Min_Heap_Size)
 *fill*         0x0000000020000090      0x200 
                0x0000000020000690                . = (. + _Min_Stack_Size)
 *fill*         0x0000000020000290      0x400 
                0x0000000020000690                . = ALIGN (0x8)

/DISCARD/
 libc.a(*)
 libm.a(*)
 libgcc.a(*)

.ARM.attributes
                0x0000000000000000       0x2a
 *(.ARM.attributes)
 .ARM.attributes
                0x0000000000000000       0x1e c:/program files (x86)/stm32cubeide_1.3.0/stm32cubeide/plugins/com.st.stm32cube.ide.mcu.externaltools.gnu-tools-for-stm32.7-2018-q2-update.win32_1.0.0.201904181610/tools/bin/../lib/gcc/arm-none-eabi/7.3.1/thumb/v7e-m/crti.o
 .ARM.attributes
                0x000000000000001e       0x2e c:/program files (x86)/stm32cubeide_1.3.0/stm32cubeide/plugins/com.st.stm32cube.ide.mcu.externaltools.gnu-tools-for-stm32.7-2018-q2-update.win32_1.0.0.201904181610/tools/bin/../lib/gcc/arm-none-eabi/7.3.1/thumb/v7e-m/crtbegin.o
 .ARM.attributes
                0x000000000000004c       0x33 Src/main.o
 .ARM.attributes
                0x000000000000007f       0x33 Src/syscalls.o
 .ARM.attributes
                0x00000000000000b2       0x33 Src/sysmem.o
 .ARM.attributes
                0x00000000000000e5       0x21 Startup/startup_stm32f446retx.o
 .ARM.attributes
                0x0000000000000106       0x2e c:/program files (x86)/stm32cubeide_1.3.0/stm32cubeide/plugins/com.st.stm32cube.ide.mcu.externaltools.gnu-tools-for-stm32.7-2018-q2-update.win32_1.0.0.201904181610/tools/bin/../lib/gcc/arm-none-eabi/7.3.1/../../../../arm-none-eabi/lib/thumb/v7e-m\libc_nano.a(lib_a-errno.o)
 .ARM.attributes
                0x0000000000000134       0x2e c:/program files (x86)/stm32cubeide_1.3.0/stm32cubeide/plugins/com.st.stm32cube.ide.mcu.externaltools.gnu-tools-for-stm32.7-2018-q2-update.win32_1.0.0.201904181610/tools/bin/../lib/gcc/arm-none-eabi/7.3.1/../../../../arm-none-eabi/lib/thumb/v7e-m\libc_nano.a(lib_a-impure.o)
 .ARM.attributes
                0x0000000000000162       0x2e c:/program files (x86)/stm32cubeide_1.3.0/stm32cubeide/plugins/com.st.stm32cube.ide.mcu.externaltools.gnu-tools-for-stm32.7-2018-q2-update.win32_1.0.0.201904181610/tools/bin/../lib/gcc/arm-none-eabi/7.3.1/../../../../arm-none-eabi/lib/thumb/v7e-m\libc_nano.a(lib_a-init.o)
 .ARM.attributes
                0x0000000000000190       0x2e c:/program files (x86)/stm32cubeide_1.3.0/stm32cubeide/plugins/com.st.stm32cube.ide.mcu.externaltools.gnu-tools-for-stm32.7-2018-q2-update.win32_1.0.0.201904181610/tools/bin/../lib/gcc/arm-none-eabi/7.3.1/../../../../arm-none-eabi/lib/thumb/v7e-m\libc_nano.a(lib_a-memset.o)
 .ARM.attributes
                0x00000000000001be       0x2e c:/program files (x86)/stm32cubeide_1.3.0/stm32cubeide/plugins/com.st.stm32cube.ide.mcu.externaltools.gnu-tools-for-stm32.7-2018-q2-update.win32_1.0.0.201904181610/tools/bin/../lib/gcc/arm-none-eabi/7.3.1/../../../../arm-none-eabi/lib/thumb/v7e-m\libc_nano.a(lib_a-printf.o)
 .ARM.attributes
                0x00000000000001ec       0x2e c:/program files (x86)/stm32cubeide_1.3.0/stm32cubeide/plugins/com.st.stm32cube.ide.mcu.externaltools.gnu-tools-for-stm32.7-2018-q2-update.win32_1.0.0.201904181610/tools/bin/../lib/gcc/arm-none-eabi/7.3.1/../../../../arm-none-eabi/lib/thumb/v7e-m\libc_nano.a(lib_a-findfp.o)
 .ARM.attributes
                0x000000000000021a       0x2e c:/program files (x86)/stm32cubeide_1.3.0/stm32cubeide/plugins/com.st.stm32cube.ide.mcu.externaltools.gnu-tools-for-stm32.7-2018-q2-update.win32_1.0.0.201904181610/tools/bin/../lib/gcc/arm-none-eabi/7.3.1/../../../../arm-none-eabi/lib/thumb/v7e-m\libc_nano.a(lib_a-fwalk.o)
 .ARM.attributes
                0x0000000000000248       0x2e c:/program files (x86)/stm32cubeide_1.3.0/stm32cubeide/plugins/com.st.stm32cube.ide.mcu.externaltools.gnu-tools-for-stm32.7-2018-q2-update.win32_1.0.0.201904181610/tools/bin/../lib/gcc/arm-none-eabi/7.3.1/../../../../arm-none-eabi/lib/thumb/v7e-m\libc_nano.a(lib_a-nano-mallocr.o)
 .ARM.attributes
                0x0000000000000276       0x2e c:/program files (x86)/stm32cubeide_1.3.0/stm32cubeide/plugins/com.st.stm32cube.ide.mcu.externaltools.gnu-tools-for-stm32.7-2018-q2-update.win32_1.0.0.201904181610/tools/bin/../lib/gcc/arm-none-eabi/7.3.1/../../../../arm-none-eabi/lib/thumb/v7e-m\libc_nano.a(lib_a-nano-vfprintf.o)
 .ARM.attributes
                0x00000000000002a4       0x2e c:/program files (x86)/stm32cubeide_1.3.0/stm32cubeide/plugins/com.st.stm32cube.ide.mcu.externaltools.gnu-tools-for-stm32.7-2018-q2-update.win32_1.0.0.201904181610/tools/bin/../lib/gcc/arm-none-eabi/7.3.1/../../../../arm-none-eabi/lib/thumb/v7e-m\libc_nano.a(lib_a-nano-vfprintf_i.o)
 .ARM.attributes
                0x00000000000002d2       0x2e c:/program files (x86)/stm32cubeide_1.3.0/stm32cubeide/plugins/com.st.stm32cube.ide.mcu.externaltools.gnu-tools-for-stm32.7-2018-q2-update.win32_1.0.0.201904181610/tools/bin/../lib/gcc/arm-none-eabi/7.3.1/../../../../arm-none-eabi/lib/thumb/v7e-m\libc_nano.a(lib_a-sbrkr.o)
 .ARM.attributes
                0x0000000000000300       0x2e c:/program files (x86)/stm32cubeide_1.3.0/stm32cubeide/plugins/com.st.stm32cube.ide.mcu.externaltools.gnu-tools-for-stm32.7-2018-q2-update.win32_1.0.0.201904181610/tools/bin/../lib/gcc/arm-none-eabi/7.3.1/../../../../arm-none-eabi/lib/thumb/v7e-m\libc_nano.a(lib_a-stdio.o)
 .ARM.attributes
                0x000000000000032e       0x2e c:/program files (x86)/stm32cubeide_1.3.0/stm32cubeide/plugins/com.st.stm32cube.ide.mcu.externaltools.gnu-tools-for-stm32.7-2018-q2-update.win32_1.0.0.201904181610/tools/bin/../lib/gcc/arm-none-eabi/7.3.1/../../../../arm-none-eabi/lib/thumb/v7e-m\libc_nano.a(lib_a-wbuf.o)
 .ARM.attributes
                0x000000000000035c       0x2e c:/program files (x86)/stm32cubeide_1.3.0/stm32cubeide/plugins/com.st.stm32cube.ide.mcu.externaltools.gnu-tools-for-stm32.7-2018-q2-update.win32_1.0.0.201904181610/tools/bin/../lib/gcc/arm-none-eabi/7.3.1/../../../../arm-none-eabi/lib/thumb/v7e-m\libc_nano.a(lib_a-writer.o)
 .ARM.attributes
                0x000000000000038a       0x2e c:/program files (x86)/stm32cubeide_1.3.0/stm32cubeide/plugins/com.st.stm32cube.ide.mcu.externaltools.gnu-tools-for-stm32.7-2018-q2-update.win32_1.0.0.201904181610/tools/bin/../lib/gcc/arm-none-eabi/7.3.1/../../../../arm-none-eabi/lib/thumb/v7e-m\libc_nano.a(lib_a-wsetup.o)
 .ARM.attributes
                0x00000000000003b8       0x2e c:/program files (x86)/stm32cubeide_1.3.0/stm32cubeide/plugins/com.st.stm32cube.ide.mcu.externaltools.gnu-tools-for-stm32.7-2018-q2-update.win32_1.0.0.201904181610/tools/bin/../lib/gcc/arm-none-eabi/7.3.1/../../../../arm-none-eabi/lib/thumb/v7e-m\libc_nano.a(lib_a-closer.o)
 .ARM.attributes
                0x00000000000003e6       0x2e c:/program files (x86)/stm32cubeide_1.3.0/stm32cubeide/plugins/com.st.stm32cube.ide.mcu.externaltools.gnu-tools-for-stm32.7-2018-q2-update.win32_1.0.0.201904181610/tools/bin/../lib/gcc/arm-none-eabi/7.3.1/../../../../arm-none-eabi/lib/thumb/v7e-m\libc_nano.a(lib_a-fflush.o)
 .ARM.attributes
                0x0000000000000414       0x2e c:/program files (x86)/stm32cubeide_1.3.0/stm32cubeide/plugins/com.st.stm32cube.ide.mcu.externaltools.gnu-tools-for-stm32.7-2018-q2-update.win32_1.0.0.201904181610/tools/bin/../lib/gcc/arm-none-eabi/7.3.1/../../../../arm-none-eabi/lib/thumb/v7e-m\libc_nano.a(lib_a-lseekr.o)
 .ARM.attributes
                0x0000000000000442       0x2e c:/program files (x86)/stm32cubeide_1.3.0/stm32cubeide/plugins/com.st.stm32cube.ide.mcu.externaltools.gnu-tools-for-stm32.7-2018-q2-update.win32_1.0.0.201904181610/tools/bin/../lib/gcc/arm-none-eabi/7.3.1/../../../../arm-none-eabi/lib/thumb/v7e-m\libc_nano.a(lib_a-makebuf.o)
 .ARM.attributes
                0x0000000000000470       0x1c c:/program files (x86)/stm32cubeide_1.3.0/stm32cubeide/plugins/com.st.stm32cube.ide.mcu.externaltools.gnu-tools-for-stm32.7-2018-q2-update.win32_1.0.0.201904181610/tools/bin/../lib/gcc/arm-none-eabi/7.3.1/../../../../arm-none-eabi/lib/thumb/v7e-m\libc_nano.a(lib_a-memchr.o)
 .ARM.attributes
                0x000000000000048c       0x2e c:/program files (x86)/stm32cubeide_1.3.0/stm32cubeide/plugins/com.st.stm32cube.ide.mcu.externaltools.gnu-tools-for-stm32.7-2018-q2-update.win32_1.0.0.201904181610/tools/bin/../lib/gcc/arm-none-eabi/7.3.1/../../../../arm-none-eabi/lib/thumb/v7e-m\libc_nano.a(lib_a-mlock.o)
 .ARM.attributes
                0x00000000000004ba       0x2e c:/program files (x86)/stm32cubeide_1.3.0/stm32cubeide/plugins/com.st.stm32cube.ide.mcu.externaltools.gnu-tools-for-stm32.7-2018-q2-update.win32_1.0.0.201904181610/tools/bin/../lib/gcc/arm-none-eabi/7.3.1/../../../../arm-none-eabi/lib/thumb/v7e-m\libc_nano.a(lib_a-nano-freer.o)
 .ARM.attributes
                0x00000000000004e8       0x2e c:/program files (x86)/stm32cubeide_1.3.0/stm32cubeide/plugins/com.st.stm32cube.ide.mcu.externaltools.gnu-tools-for-stm32.7-2018-q2-update.win32_1.0.0.201904181610/tools/bin/../lib/gcc/arm-none-eabi/7.3.1/../../../../arm-none-eabi/lib/thumb/v7e-m\libc_nano.a(lib_a-readr.o)
 .ARM.attributes
                0x0000000000000516       0x2e c:/program files (x86)/stm32cubeide_1.3.0/stm32cubeide/plugins/com.st.stm32cube.ide.mcu.externaltools.gnu-tools-for-stm32.7-2018-q2-update.win32_1.0.0.201904181610/tools/bin/../lib/gcc/arm-none-eabi/7.3.1/../../../../arm-none-eabi/lib/thumb/v7e-m\libc_nano.a(lib_a-reent.o)
 .ARM.attributes
                0x0000000000000544       0x2e c:/program files (x86)/stm32cubeide_1.3.0/stm32cubeide/plugins/com.st.stm32cube.ide.mcu.externaltools.gnu-tools-for-stm32.7-2018-q2-update.win32_1.0.0.201904181610/tools/bin/../lib/gcc/arm-none-eabi/7.3.1/../../../../arm-none-eabi/lib/thumb/v7e-m\libc_nano.a(lib_a-fstatr.o)
 .ARM.attributes
                0x0000000000000572       0x2e c:/program files (x86)/stm32cubeide_1.3.0/stm32cubeide/plugins/com.st.stm32cube.ide.mcu.externaltools.gnu-tools-for-stm32.7-2018-q2-update.win32_1.0.0.201904181610/tools/bin/../lib/gcc/arm-none-eabi/7.3.1/../../../../arm-none-eabi/lib/thumb/v7e-m\libc_nano.a(lib_a-isattyr.o)
 .ARM.attributes
                0x00000000000005a0       0x1e c:/program files (x86)/stm32cubeide_1.3.0/stm32cubeide/plugins/com.st.stm32cube.ide.mcu.externaltools.gnu-tools-for-stm32.7-2018-q2-update.win32_1.0.0.201904181610/tools/bin/../lib/gcc/arm-none-eabi/7.3.1/thumb/v7e-m/crtn.o
OUTPUT(001_Hello_world.elf elf32-littlearm)

.debug_info     0x0000000000000000     0x20d9
 .debug_info    0x0000000000000000      0x89e Src/main.o
 .debug_info    0x000000000000089e      0xefd Src/syscalls.o
 .debug_info    0x000000000000179b      0x91c Src/sysmem.o
 .debug_info    0x00000000000020b7       0x22 Startup/startup_stm32f446retx.o

.debug_abbrev   0x0000000000000000      0x5ab
 .debug_abbrev  0x0000000000000000      0x165 Src/main.o
 .debug_abbrev  0x0000000000000165      0x279 Src/syscalls.o
 .debug_abbrev  0x00000000000003de      0x1bb Src/sysmem.o
 .debug_abbrev  0x0000000000000599       0x12 Startup/startup_stm32f446retx.o

.debug_aranges  0x0000000000000000      0x118
 .debug_aranges
                0x0000000000000000       0x20 Src/main.o
 .debug_aranges
                0x0000000000000020       0xb0 Src/syscalls.o
 .debug_aranges
                0x00000000000000d0       0x20 Src/sysmem.o
 .debug_aranges
                0x00000000000000f0       0x28 Startup/startup_stm32f446retx.o

.debug_ranges   0x0000000000000000       0xe0
 .debug_ranges  0x0000000000000000       0x10 Src/main.o
 .debug_ranges  0x0000000000000010       0xa0 Src/syscalls.o
 .debug_ranges  0x00000000000000b0       0x10 Src/sysmem.o
 .debug_ranges  0x00000000000000c0       0x20 Startup/startup_stm32f446retx.o

.debug_macro    0x0000000000000000     0x279c
 .debug_macro   0x0000000000000000      0x196 Src/main.o
 .debug_macro   0x0000000000000196      0xa66 Src/main.o
 .debug_macro   0x0000000000000bfc       0x22 Src/main.o
 .debug_macro   0x0000000000000c1e       0x40 Src/main.o
 .debug_macro   0x0000000000000c5e       0x18 Src/main.o
 .debug_macro   0x0000000000000c76       0x94 Src/main.o
 .debug_macro   0x0000000000000d0a       0x3c Src/main.o
 .debug_macro   0x0000000000000d46       0x34 Src/main.o
 .debug_macro   0x0000000000000d7a       0x16 Src/main.o
 .debug_macro   0x0000000000000d90       0x57 Src/main.o
 .debug_macro   0x0000000000000de7       0x97 Src/main.o
 .debug_macro   0x0000000000000e7e      0x330 Src/main.o
 .debug_macro   0x00000000000011ae       0xfd Src/main.o
 .debug_macro   0x00000000000012ab       0x10 Src/main.o
 .debug_macro   0x00000000000012bb       0x52 Src/main.o
 .debug_macro   0x000000000000130d       0x1f Src/main.o
 .debug_macro   0x000000000000132c       0x43 Src/main.o
 .debug_macro   0x000000000000136f       0x20 Src/main.o
 .debug_macro   0x000000000000138f      0x1a3 Src/main.o
 .debug_macro   0x0000000000001532       0x10 Src/main.o
 .debug_macro   0x0000000000001542       0x6a Src/main.o
 .debug_macro   0x00000000000015ac       0x1c Src/main.o
 .debug_macro   0x00000000000015c8       0x52 Src/main.o
 .debug_macro   0x000000000000161a       0x40 Src/main.o
 .debug_macro   0x000000000000165a       0x10 Src/main.o
 .debug_macro   0x000000000000166a       0x40 Src/main.o
 .debug_macro   0x00000000000016aa       0xd7 Src/main.o
 .debug_macro   0x0000000000001781       0x1c Src/main.o
 .debug_macro   0x000000000000179d       0x3d Src/main.o
 .debug_macro   0x00000000000017da       0x16 Src/main.o
 .debug_macro   0x00000000000017f0      0x145 Src/main.o
 .debug_macro   0x0000000000001935      0x255 Src/syscalls.o
 .debug_macro   0x0000000000001b8a      0x174 Src/syscalls.o
 .debug_macro   0x0000000000001cfe       0x10 Src/syscalls.o
 .debug_macro   0x0000000000001d0e       0x35 Src/syscalls.o
 .debug_macro   0x0000000000001d43       0x10 Src/syscalls.o
 .debug_macro   0x0000000000001d53       0x10 Src/syscalls.o
 .debug_macro   0x0000000000001d63       0x35 Src/syscalls.o
 .debug_macro   0x0000000000001d98      0x122 Src/syscalls.o
 .debug_macro   0x0000000000001eba       0x16 Src/syscalls.o
 .debug_macro   0x0000000000001ed0       0x16 Src/syscalls.o
 .debug_macro   0x0000000000001ee6       0x29 Src/syscalls.o
 .debug_macro   0x0000000000001f0f       0x10 Src/syscalls.o
 .debug_macro   0x0000000000001f1f      0x241 Src/syscalls.o
 .debug_macro   0x0000000000002160       0x1c Src/syscalls.o
 .debug_macro   0x000000000000217c       0x10 Src/syscalls.o
 .debug_macro   0x000000000000218c      0x189 Src/syscalls.o
 .debug_macro   0x0000000000002315       0x16 Src/syscalls.o
 .debug_macro   0x000000000000232b       0x88 Src/syscalls.o
 .debug_macro   0x00000000000023b3      0x1ae Src/sysmem.o
 .debug_macro   0x0000000000002561      0x23b Src/sysmem.o

.debug_line     0x0000000000000000     0x1657
 .debug_line    0x0000000000000000      0x68a Src/main.o
 .debug_line    0x000000000000068a      0x8a4 Src/syscalls.o
 .debug_line    0x0000000000000f2e      0x6a5 Src/sysmem.o
 .debug_line    0x00000000000015d3       0x84 Startup/startup_stm32f446retx.o

.debug_str      0x0000000000000000     0x8767
 .debug_str     0x0000000000000000     0x7469 Src/main.o
                                       0x763e (size before relaxing)
 .debug_str     0x0000000000007469     0x129c Src/syscalls.o
                                       0x894f (size before relaxing)
 .debug_str     0x0000000000008705       0x31 Src/sysmem.o
                                       0x7aed (size before relaxing)
 .debug_str     0x0000000000008736       0x31 Startup/startup_stm32f446retx.o
                                         0x7a (size before relaxing)

.comment        0x0000000000000000       0x7b
 .comment       0x0000000000000000       0x7b Src/main.o
                                         0x7c (size before relaxing)
 .comment       0x000000000000007b       0x7c Src/syscalls.o
 .comment       0x000000000000007b       0x7c Src/sysmem.o

.debug_frame    0x0000000000000000      0xa68
 .debug_frame   0x0000000000000000       0x2c Src/main.o
 .debug_frame   0x000000000000002c      0x2d4 Src/syscalls.o
 .debug_frame   0x0000000000000300       0x34 Src/sysmem.o
 .debug_frame   0x0000000000000334       0x20 c:/program files (x86)/stm32cubeide_1.3.0/stm32cubeide/plugins/com.st.stm32cube.ide.mcu.externaltools.gnu-tools-for-stm32.7-2018-q2-update.win32_1.0.0.201904181610/tools/bin/../lib/gcc/arm-none-eabi/7.3.1/../../../../arm-none-eabi/lib/thumb/v7e-m\libc_nano.a(lib_a-errno.o)
 .debug_frame   0x0000000000000354       0x2c c:/program files (x86)/stm32cubeide_1.3.0/stm32cubeide/plugins/com.st.stm32cube.ide.mcu.externaltools.gnu-tools-for-stm32.7-2018-q2-update.win32_1.0.0.201904181610/tools/bin/../lib/gcc/arm-none-eabi/7.3.1/../../../../arm-none-eabi/lib/thumb/v7e-m\libc_nano.a(lib_a-init.o)
 .debug_frame   0x0000000000000380       0x20 c:/program files (x86)/stm32cubeide_1.3.0/stm32cubeide/plugins/com.st.stm32cube.ide.mcu.externaltools.gnu-tools-for-stm32.7-2018-q2-update.win32_1.0.0.201904181610/tools/bin/../lib/gcc/arm-none-eabi/7.3.1/../../../../arm-none-eabi/lib/thumb/v7e-m\libc_nano.a(lib_a-memset.o)
 .debug_frame   0x00000000000003a0       0x74 c:/program files (x86)/stm32cubeide_1.3.0/stm32cubeide/plugins/com.st.stm32cube.ide.mcu.externaltools.gnu-tools-for-stm32.7-2018-q2-update.win32_1.0.0.201904181610/tools/bin/../lib/gcc/arm-none-eabi/7.3.1/../../../../arm-none-eabi/lib/thumb/v7e-m\libc_nano.a(lib_a-printf.o)
 .debug_frame   0x0000000000000414      0x11c c:/program files (x86)/stm32cubeide_1.3.0/stm32cubeide/plugins/com.st.stm32cube.ide.mcu.externaltools.gnu-tools-for-stm32.7-2018-q2-update.win32_1.0.0.201904181610/tools/bin/../lib/gcc/arm-none-eabi/7.3.1/../../../../arm-none-eabi/lib/thumb/v7e-m\libc_nano.a(lib_a-findfp.o)
 .debug_frame   0x0000000000000530       0x54 c:/program files (x86)/stm32cubeide_1.3.0/stm32cubeide/plugins/com.st.stm32cube.ide.mcu.externaltools.gnu-tools-for-stm32.7-2018-q2-update.win32_1.0.0.201904181610/tools/bin/../lib/gcc/arm-none-eabi/7.3.1/../../../../arm-none-eabi/lib/thumb/v7e-m\libc_nano.a(lib_a-fwalk.o)
 .debug_frame   0x0000000000000584       0x2c c:/program files (x86)/stm32cubeide_1.3.0/stm32cubeide/plugins/com.st.stm32cube.ide.mcu.externaltools.gnu-tools-for-stm32.7-2018-q2-update.win32_1.0.0.201904181610/tools/bin/../lib/gcc/arm-none-eabi/7.3.1/../../../../arm-none-eabi/lib/thumb/v7e-m\libc_nano.a(lib_a-nano-mallocr.o)
 .debug_frame   0x00000000000005b0       0xac c:/program files (x86)/stm32cubeide_1.3.0/stm32cubeide/plugins/com.st.stm32cube.ide.mcu.externaltools.gnu-tools-for-stm32.7-2018-q2-update.win32_1.0.0.201904181610/tools/bin/../lib/gcc/arm-none-eabi/7.3.1/../../../../arm-none-eabi/lib/thumb/v7e-m\libc_nano.a(lib_a-nano-vfprintf.o)
 .debug_frame   0x000000000000065c       0x60 c:/program files (x86)/stm32cubeide_1.3.0/stm32cubeide/plugins/com.st.stm32cube.ide.mcu.externaltools.gnu-tools-for-stm32.7-2018-q2-update.win32_1.0.0.201904181610/tools/bin/../lib/gcc/arm-none-eabi/7.3.1/../../../../arm-none-eabi/lib/thumb/v7e-m\libc_nano.a(lib_a-nano-vfprintf_i.o)
 .debug_frame   0x00000000000006bc       0x2c c:/program files (x86)/stm32cubeide_1.3.0/stm32cubeide/plugins/com.st.stm32cube.ide.mcu.externaltools.gnu-tools-for-stm32.7-2018-q2-update.win32_1.0.0.201904181610/tools/bin/../lib/gcc/arm-none-eabi/7.3.1/../../../../arm-none-eabi/lib/thumb/v7e-m\libc_nano.a(lib_a-sbrkr.o)
 .debug_frame   0x00000000000006e8       0x88 c:/program files (x86)/stm32cubeide_1.3.0/stm32cubeide/plugins/com.st.stm32cube.ide.mcu.externaltools.gnu-tools-for-stm32.7-2018-q2-update.win32_1.0.0.201904181610/tools/bin/../lib/gcc/arm-none-eabi/7.3.1/../../../../arm-none-eabi/lib/thumb/v7e-m\libc_nano.a(lib_a-stdio.o)
 .debug_frame   0x0000000000000770       0x40 c:/program files (x86)/stm32cubeide_1.3.0/stm32cubeide/plugins/com.st.stm32cube.ide.mcu.externaltools.gnu-tools-for-stm32.7-2018-q2-update.win32_1.0.0.201904181610/tools/bin/../lib/gcc/arm-none-eabi/7.3.1/../../../../arm-none-eabi/lib/thumb/v7e-m\libc_nano.a(lib_a-wbuf.o)
 .debug_frame   0x00000000000007b0       0x2c c:/program files (x86)/stm32cubeide_1.3.0/stm32cubeide/plugins/com.st.stm32cube.ide.mcu.externaltools.gnu-tools-for-stm32.7-2018-q2-update.win32_1.0.0.201904181610/tools/bin/../lib/gcc/arm-none-eabi/7.3.1/../../../../arm-none-eabi/lib/thumb/v7e-m\libc_nano.a(lib_a-writer.o)
 .debug_frame   0x00000000000007dc       0x2c c:/program files (x86)/stm32cubeide_1.3.0/stm32cubeide/plugins/com.st.stm32cube.ide.mcu.externaltools.gnu-tools-for-stm32.7-2018-q2-update.win32_1.0.0.201904181610/tools/bin/../lib/gcc/arm-none-eabi/7.3.1/../../../../arm-none-eabi/lib/thumb/v7e-m\libc_nano.a(lib_a-wsetup.o)
 .debug_frame   0x0000000000000808       0x2c c:/program files (x86)/stm32cubeide_1.3.0/stm32cubeide/plugins/com.st.stm32cube.ide.mcu.externaltools.gnu-tools-for-stm32.7-2018-q2-update.win32_1.0.0.201904181610/tools/bin/../lib/gcc/arm-none-eabi/7.3.1/../../../../arm-none-eabi/lib/thumb/v7e-m\libc_nano.a(lib_a-closer.o)
 .debug_frame   0x0000000000000834       0x68 c:/program files (x86)/stm32cubeide_1.3.0/stm32cubeide/plugins/com.st.stm32cube.ide.mcu.externaltools.gnu-tools-for-stm32.7-2018-q2-update.win32_1.0.0.201904181610/tools/bin/../lib/gcc/arm-none-eabi/7.3.1/../../../../arm-none-eabi/lib/thumb/v7e-m\libc_nano.a(lib_a-fflush.o)
 .debug_frame   0x000000000000089c       0x2c c:/program files (x86)/stm32cubeide_1.3.0/stm32cubeide/plugins/com.st.stm32cube.ide.mcu.externaltools.gnu-tools-for-stm32.7-2018-q2-update.win32_1.0.0.201904181610/tools/bin/../lib/gcc/arm-none-eabi/7.3.1/../../../../arm-none-eabi/lib/thumb/v7e-m\libc_nano.a(lib_a-lseekr.o)
 .debug_frame   0x00000000000008c8       0x58 c:/program files (x86)/stm32cubeide_1.3.0/stm32cubeide/plugins/com.st.stm32cube.ide.mcu.externaltools.gnu-tools-for-stm32.7-2018-q2-update.win32_1.0.0.201904181610/tools/bin/../lib/gcc/arm-none-eabi/7.3.1/../../../../arm-none-eabi/lib/thumb/v7e-m\libc_nano.a(lib_a-makebuf.o)
 .debug_frame   0x0000000000000920       0x30 c:/program files (x86)/stm32cubeide_1.3.0/stm32cubeide/plugins/com.st.stm32cube.ide.mcu.externaltools.gnu-tools-for-stm32.7-2018-q2-update.win32_1.0.0.201904181610/tools/bin/../lib/gcc/arm-none-eabi/7.3.1/../../../../arm-none-eabi/lib/thumb/v7e-m\libc_nano.a(lib_a-mlock.o)
 .debug_frame   0x0000000000000950       0x38 c:/program files (x86)/stm32cubeide_1.3.0/stm32cubeide/plugins/com.st.stm32cube.ide.mcu.externaltools.gnu-tools-for-stm32.7-2018-q2-update.win32_1.0.0.201904181610/tools/bin/../lib/gcc/arm-none-eabi/7.3.1/../../../../arm-none-eabi/lib/thumb/v7e-m\libc_nano.a(lib_a-nano-freer.o)
 .debug_frame   0x0000000000000988       0x2c c:/program files (x86)/stm32cubeide_1.3.0/stm32cubeide/plugins/com.st.stm32cube.ide.mcu.externaltools.gnu-tools-for-stm32.7-2018-q2-update.win32_1.0.0.201904181610/tools/bin/../lib/gcc/arm-none-eabi/7.3.1/../../../../arm-none-eabi/lib/thumb/v7e-m\libc_nano.a(lib_a-readr.o)
 .debug_frame   0x00000000000009b4       0x5c c:/program files (x86)/stm32cubeide_1.3.0/stm32cubeide/plugins/com.st.stm32cube.ide.mcu.externaltools.gnu-tools-for-stm32.7-2018-q2-update.win32_1.0.0.201904181610/tools/bin/../lib/gcc/arm-none-eabi/7.3.1/../../../../arm-none-eabi/lib/thumb/v7e-m\libc_nano.a(lib_a-reent.o)
 .debug_frame   0x0000000000000a10       0x2c c:/program files (x86)/stm32cubeide_1.3.0/stm32cubeide/plugins/com.st.stm32cube.ide.mcu.externaltools.gnu-tools-for-stm32.7-2018-q2-update.win32_1.0.0.201904181610/tools/bin/../lib/gcc/arm-none-eabi/7.3.1/../../../../arm-none-eabi/lib/thumb/v7e-m\libc_nano.a(lib_a-fstatr.o)
 .debug_frame   0x0000000000000a3c       0x2c c:/program files (x86)/stm32cubeide_1.3.0/stm32cubeide/plugins/com.st.stm32cube.ide.mcu.externaltools.gnu-tools-for-stm32.7-2018-q2-update.win32_1.0.0.201904181610/tools/bin/../lib/gcc/arm-none-eabi/7.3.1/../../../../arm-none-eabi/lib/thumb/v7e-m\libc_nano.a(lib_a-isattyr.o)
